2025-02-06 20:41:00 | INFO | repo=pv243 | action=commit
2025-11-02 18:10:00 | WARN | repo=pv243 | action=commit
2025-10-24 07:12:00 | INFO | repo=pv243 | action=commit
2025-12-23 15:24:00 | WARN | repo=pv243 | action=commit
2025-09-10 19:01:00 | INFO | repo=pv243 | action=pull
2025-01-06 12:24:00 | INFO | repo=pv243 | action=commit
2025-06-27 10:23:00 | INFO | repo=pv243 | action=commit
2025-04-17 19:12:00 | INFO | repo=pv243 | action=edit | files=5
2025-03-27 21:47:00 | INFO | repo=pv243 | action=commit
2025-01-27 17:35:00 | INFO | repo=pv243 | action=edit | files=3
2025-01-27 14:23:00 | WARN | repo=pv243 | action=commit
2025-04-12 18:57:00 | WARN | repo=pv243 | action=test | passed=true
2025-01-28 12:26:00 | INFO | repo=pv243 | action=test | passed=true
2025-12-20 15:12:00 | DEBUG | repo=pv243 | action=test | passed=true
2025-05-22 13:58:00 | DEBUG | repo=pv243 | action=commit
2025-04-20 14:55:00 | WARN | repo=pv243 | action=pull
2025-04-21 09:25:00 | INFO | repo=pv243 | action=commit
2025-09-17 17:06:00 | INFO | repo=pv243 | action=commit
2025-01-21 17:52:00 | DEBUG | repo=pv243 | action=commit
2025-12-01 20:24:00 | WARN | repo=pv243 | action=commit
2025-08-10 07:39:00 | WARN | repo=pv243 | action=pull
2025-09-17 10:26:00 | WARN | repo=pv243 | action=commit
2025-08-27 15:12:00 | DEBUG | repo=pv243 | action=test | passed=true
2025-11-03 19:31:00 | DEBUG | repo=pv243 | action=commit
2025-08-20 12:50:00 | DEBUG | repo=pv243 | action=commit
2025-12-19 09:09:00 | WARN | repo=pv243 | action=pull
2025-07-02 12:43:00 | INFO | repo=pv243 | action=commit
2025-04-19 21:38:00 | DEBUG | repo=pv243 | action=commit
2025-04-06 13:31:00 | WARN | repo=pv243 | action=test | passed=true
2025-07-07 08:24:00 | DEBUG | repo=pv243 | action=commit
2025-08-20 15:41:00 | WARN | repo=pv243 | action=commit
2025-07-11 20:25:00 | WARN | repo=pv243 | action=edit | files=2
2025-01-16 07:00:00 | WARN | repo=pv243 | action=test | passed=true
2025-07-19 13:04:00 | DEBUG | repo=pv243 | action=test | passed=true
2025-04-09 07:21:00 | INFO | repo=pv243 | action=commit
2025-04-07 17:10:00 | INFO | repo=pv243 | action=test | passed=true
2025-08-14 20:42:00 | WARN | repo=pv243 | action=commit
2025-09-21 15:12:00 | DEBUG | repo=pv243 | action=commit
2025-08-07 19:11:00 | INFO | repo=pv243 | action=commit
2025-02-16 11:41:00 | WARN | repo=pv243 | action=edit | files=3
2025-04-15 21:32:00 | WARN | repo=pv243 | action=commit
2025-04-14 18:37:00 | DEBUG | repo=pv243 | action=pull
2025-04-11 20:58:00 | DEBUG | repo=pv243 | action=test | passed=true
2025-02-21 08:27:00 | INFO | repo=pv243 | action=commit
2025-04-01 14:34:00 | WARN | repo=pv243 | action=edit | files=5
2025-04-02 13:44:00 | DEBUG | repo=pv243 | action=commit
2025-11-28 20:34:00 | INFO | repo=pv243 | action=pull
2025-03-24 15:46:00 | DEBUG | repo=pv243 | action=commit
2025-06-12 11:04:00 | INFO | repo=pv243 | action=test | passed=true
2025-05-05 20:39:00 | DEBUG | repo=pv243 | action=commit
2025-08-24 20:19:00 | WARN | repo=pv243 | action=commit
2025-04-12 19:08:00 | DEBUG | repo=pv243 | action=commit
2025-01-15 13:30:00 | INFO | repo=pv243 | action=commit
2025-02-13 21:09:00 | DEBUG | repo=pv243 | action=commit
2025-07-19 08:12:00 | INFO | repo=pv243 | action=commit
2025-01-10 07:30:00 | WARN | repo=pv243 | action=test | passed=true
2025-01-02 14:43:00 | DEBUG | repo=pv243 | action=pull
2025-01-20 17:48:00 | INFO | repo=pv243 | action=commit
2025-11-21 08:35:00 | DEBUG | repo=pv243 | action=edit | files=1
2025-09-25 13:19:00 | WARN | repo=pv243 | action=test | passed=true
2025-01-04 08:25:00 | DEBUG | repo=pv243 | action=commit
2025-11-20 08:19:00 | DEBUG | repo=pv243 | action=test | passed=true
2025-11-13 18:37:00 | WARN | repo=pv243 | action=edit | files=4
2025-04-04 09:16:00 | DEBUG | repo=pv243 | action=test | passed=true
2025-07-10 20:29:00 | WARN | repo=pv243 | action=commit
2025-12-27 10:45:00 | WARN | repo=pv243 | action=commit
2025-12-27 08:16:00 | WARN | repo=pv243 | action=commit
2025-11-16 19:47:00 | INFO | repo=pv243 | action=test | passed=true
2025-10-01 21:37:00 | WARN | repo=pv243 | action=test | passed=true
2025-12-12 19:19:00 | WARN | repo=pv243 | action=commit
2025-09-15 13:46:00 | INFO | repo=pv243 | action=pull
2025-03-07 20:17:00 | WARN | repo=pv243 | action=commit
2025-02-04 10:36:00 | WARN | repo=pv243 | action=edit | files=5
2025-06-01 15:53:00 | INFO | repo=pv243 | action=commit
2025-12-13 16:55:00 | INFO | repo=pv243 | action=commit
2025-06-13 18:07:00 | DEBUG | repo=pv243 | action=edit | files=4
2025-02-06 12:30:00 | DEBUG | repo=pv243 | action=test | passed=true
2025-01-28 07:50:00 | DEBUG | repo=pv243 | action=commit
2025-05-17 18:56:00 | DEBUG | repo=pv243 | action=edit | files=5
2025-05-05 09:32:00 | DEBUG | repo=pv243 | action=test | passed=true
2025-07-22 13:09:00 | DEBUG | repo=pv243 | action=commit
2025-09-27 08:28:00 | INFO | repo=pv243 | action=test | passed=true
2025-11-20 11:59:00 | DEBUG | repo=pv243 | action=commit
2025-05-04 19:55:00 | WARN | repo=pv243 | action=commit
2025-05-28 09:52:00 | WARN | repo=pv243 | action=commit
2025-03-05 09:50:00 | WARN | repo=pv243 | action=pull
2025-02-13 12:52:00 | INFO | repo=pv243 | action=commit
2025-05-24 14:59:00 | INFO | repo=pv243 | action=test | passed=true
2025-08-07 17:33:00 | INFO | repo=pv243 | action=pull
2025-03-04 11:56:00 | WARN | repo=pv243 | action=test | passed=true
2025-07-01 08:30:00 | INFO | repo=pv243 | action=commit
2025-02-19 14:56:00 | INFO | repo=pv243 | action=commit
2025-09-15 18:03:00 | WARN | repo=pv243 | action=commit
2025-03-03 16:16:00 | DEBUG | repo=pv243 | action=commit
2025-03-09 12:52:00 | WARN | repo=pv243 | action=commit
2025-07-10 11:01:00 | WARN | repo=pv243 | action=commit
2025-08-03 11:47:00 | DEBUG | repo=pv243 | action=commit
2025-09-16 07:13:00 | INFO | repo=pv243 | action=commit
2025-03-17 11:38:00 | DEBUG | repo=pv243 | action=commit
2025-01-11 21:43:00 | WARN | repo=pv243 | action=commit
2025-10-11 13:11:00 | WARN | repo=pv243 | action=test | passed=true
2025-01-18 08:56:00 | DEBUG | repo=pv243 | action=commit
2025-11-02 14:06:00 | WARN | repo=pv243 | action=test | passed=true
2025-09-10 19:31:00 | WARN | repo=pv243 | action=pull
2025-06-04 13:28:00 | WARN | repo=pv243 | action=edit | files=2
2025-11-17 07:32:00 | DEBUG | repo=pv243 | action=pull
2025-12-14 16:13:00 | INFO | repo=pv243 | action=commit
2025-03-12 20:14:00 | INFO | repo=pv243 | action=edit | files=3
2025-09-02 17:07:00 | INFO | repo=pv243 | action=edit | files=5
2025-01-24 13:44:00 | INFO | repo=pv243 | action=pull
2025-08-08 18:39:00 | DEBUG | repo=pv243 | action=commit
2025-04-15 13:20:00 | INFO | repo=pv243 | action=pull
2025-01-19 09:33:00 | INFO | repo=pv243 | action=commit
2025-12-20 18:27:00 | WARN | repo=pv243 | action=test | passed=true
2025-11-15 19:57:00 | WARN | repo=pv243 | action=commit
2025-04-08 10:21:00 | WARN | repo=pv243 | action=test | passed=true
2025-03-18 20:40:00 | INFO | repo=pv243 | action=edit | files=3
2025-07-17 21:04:00 | WARN | repo=pv243 | action=commit
2025-05-12 15:25:00 | WARN | repo=pv243 | action=commit
2025-05-03 12:09:00 | WARN | repo=pv243 | action=commit
2025-09-02 09:46:00 | INFO | repo=pv243 | action=commit
2025-05-26 13:19:00 | WARN | repo=pv243 | action=edit | files=3
2025-07-01 11:00:00 | DEBUG | repo=pv243 | action=commit
2025-03-17 08:08:00 | INFO | repo=pv243 | action=commit
2025-03-03 18:56:00 | WARN | repo=pv243 | action=commit
2025-08-13 09:22:00 | DEBUG | repo=pv243 | action=edit | files=3
2025-04-12 20:13:00 | WARN | repo=pv243 | action=commit
2025-09-24 07:07:00 | DEBUG | repo=pv243 | action=pull
2025-07-09 21:37:00 | WARN | repo=pv243 | action=commit
2025-06-20 16:09:00 | INFO | repo=pv243 | action=edit | files=3
2025-11-20 14:27:00 | INFO | repo=pv243 | action=commit
2025-09-08 07:11:00 | DEBUG | repo=pv243 | action=pull
2025-04-02 17:45:00 | DEBUG | repo=pv243 | action=commit
2025-09-17 08:28:00 | DEBUG | repo=pv243 | action=pull
2025-12-08 09:21:00 | INFO | repo=pv243 | action=commit
2025-05-15 21:40:00 | INFO | repo=pv243 | action=commit
